
╔══════════════════════════════════════════════════════════════════════════╗
║        CREAMS COMPREHENSIVE UAT EXECUTION - 56+ TEST CASES               ║
║                    2025-10-13 05:46:41                                   ║
╚══════════════════════════════════════════════════════════════════════════╝

┏━━━━━━━━━━━━━━━━━━━━━━━━━━━━━━━━━━━━━━━━━━━━━━━━━━━━━━━━━━━━━━━━━━━━━━┓
┃ MODULE 1: AUTHENTICATION TESTS (6 test cases)                          ┃
┗━━━━━━━━━━━━━━━━━━━━━━━━━━━━━━━━━━━━━━━━━━━━━━━━━━━━━━━━━━━━━━━━━━━━━━┛

[AUTH001] Testing Admin Login with Email
  ✓ PASSED - Admin login successful in 513.45ms
[AUTH002] Testing Teacher Login with IIUM ID
  ✓ PASSED - Teacher login with IIUM ID successful in 41.03ms
[AUTH003] Testing Invalid Login Attempts
  ✓ PASSED - All invalid attempts correctly rejected in 40.96ms
[AUTH004] User Registration Validation
  ⊘ SKIPPED - Requires form submission (UI test)

[AUTH005] Session Management
  ⊘ SKIPPED - Requires session testing (Integration test)

[AUTH006] Logout Functionality
  ⊘ SKIPPED - Requires session testing (Integration test)


┏━━━━━━━━━━━━━━━━━━━━━━━━━━━━━━━━━━━━━━━━━━━━━━━━━━━━━━━━━━━━━━━━━━━━━━┓
┃ MODULE 2: DASHBOARD TESTS (3 test cases)                               ┃
┗━━━━━━━━━━━━━━━━━━━━━━━━━━━━━━━━━━━━━━━━━━━━━━━━━━━━━━━━━━━━━━━━━━━━━━┛

[DASH001] Testing Admin Dashboard Statistics

  [41;1m Illuminate\Database\QueryException [49;22m

[39;1m  SQLSTATE[42S22]: Column not found: 1054 Unknown column 'status' in 'where clause' (Connection: mysql, SQL: select count(*) as aggregate from `activities` where `status` = active)[39;22m

  at [32mvendor\laravel\framework\src\Illuminate\Database\Connection.php[39m:[32m829[39m
    825▕                     $this->getName(), $query, $this->prepareBindings($bindings), $e
    826▕                 );
    827▕             }
    828▕ 
  ➜ 829▕             throw new QueryException(
    830▕                 $this->getName(), $query, $this->prepareBindings($bindings), $e
    831▕             );
    832▕         }
    833▕     }

  [33m1   [39m[39;1mvendor\laravel\framework\src\Illuminate\Database\Connection.php[39;22m:[39;1m423[39;22m
  [90m    PDOException::("SQLSTATE[42S22]: Column not found: 1054 Unknown column 'status' in 'where clause'")[39m

  [33m2   [39m[39;1mvendor\laravel\framework\src\Illuminate\Database\Connection.php[39;22m:[39;1m423[39;22m
  [90m    PDO::prepare("select count(*) as aggregate from `activities` where `status` = ?")[39m

