
╔══════════════════════════════════════════════════════════════════════════╗
║        CREAMS COMPREHENSIVE UAT EXECUTION - 56+ TEST CASES               ║
║                    2025-10-13 05:51:04                                   ║
╚══════════════════════════════════════════════════════════════════════════╝

┏━━━━━━━━━━━━━━━━━━━━━━━━━━━━━━━━━━━━━━━━━━━━━━━━━━━━━━━━━━━━━━━━━━━━━━┓
┃ MODULE 1: AUTHENTICATION TESTS (6 test cases)                          ┃
┗━━━━━━━━━━━━━━━━━━━━━━━━━━━━━━━━━━━━━━━━━━━━━━━━━━━━━━━━━━━━━━━━━━━━━━┛

[AUTH001] Testing Admin Login with Email
  ✓ PASSED - Admin login successful in 60.74ms
[AUTH002] Testing Teacher Login with IIUM ID
  ✓ PASSED - Teacher login with IIUM ID successful in 39.09ms
[AUTH003] Testing Invalid Login Attempts
  ✓ PASSED - All invalid attempts correctly rejected in 39.76ms
[AUTH004] User Registration Validation
  ⊘ SKIPPED - Requires form submission (UI test)

[AUTH005] Session Management
  ⊘ SKIPPED - Requires session testing (Integration test)

[AUTH006] Logout Functionality
  ⊘ SKIPPED - Requires session testing (Integration test)


┏━━━━━━━━━━━━━━━━━━━━━━━━━━━━━━━━━━━━━━━━━━━━━━━━━━━━━━━━━━━━━━━━━━━━━━┓
┃ MODULE 2: DASHBOARD TESTS (3 test cases)                               ┃
┗━━━━━━━━━━━━━━━━━━━━━━━━━━━━━━━━━━━━━━━━━━━━━━━━━━━━━━━━━━━━━━━━━━━━━━┛

[DASH001] Testing Admin Dashboard Statistics
  Statistics Retrieved:
    - Active Users: 42
    - Total Trainees: 118
    - Active Activities: 289
    - Active Centres: 4
    - Current Enrollments: 328
  ✓ PASSED - Dashboard statistics retrieved in 4.11ms

[DASH002] Testing Role-Based Dashboard Access
  Role Distribution:
    - Admin: 5 users
    - Teacher: 22 users
    - Supervisor: 6 users
    - Ajk: 9 users
  ✓ PASSED - Role-based access validated in 1.12ms

[DASH003] Testing Dashboard Load Performance
  Dashboard Load Time: 9.37ms (Excellent)
  ✓ PASSED - Performance within acceptable range


┏━━━━━━━━━━━━━━━━━━━━━━━━━━━━━━━━━━━━━━━━━━━━━━━━━━━━━━━━━━━━━━━━━━━━━━┓
┃ MODULE 3: ACTIVITIES TESTS (10 test cases)                             ┃
┗━━━━━━━━━━━━━━━━━━━━━━━━━━━━━━━━━━━━━━━━━━━━━━━━━━━━━━━━━━━━━━━━━━━━━━┛

[ACT001] Testing Activity Listing and Filtering
  Activities by Category:
    - Physical Therapy: 0 activities
    - Occupational Therapy: 0 activities
    - Speech Therapy: 68 activities
    - Behavioral Therapy: 0 activities
  ✓ PASSED - Activity filtering works correctly in 1.1ms

[ACT002] Testing Activity Creation Validation
  Test Activity Data Prepared:
    - Activity Name: UAT Test Physical Therapy Session
    - Description: Test activity for UAT
    - Category: Physical Therapy
    - Status: active
    - Capacity: 10
    - Centre Id: 01
  Existing Test Activities: 0
  ✓ PASSED - Activity structure validated in 0.38ms

[ACT003] Testing Activity Enrollment System
  Enrollment Statistics:
    - Total Enrollments: 1322
    - Active Enrollments: 328
    - Completed Enrollments: 994
    - Pending Enrollments: 0
  ✓ PASSED - Enrollment system operational in 1.82ms

[ACT004] Activity Test #4
  ⊘ SKIPPED - Extended test case

[ACT005] Activity Test #5
  ⊘ SKIPPED - Extended test case

[ACT006] Activity Test #6
  ⊘ SKIPPED - Extended test case

[ACT007] Activity Test #7
  ⊘ SKIPPED - Extended test case

[ACT008] Activity Test #8
  ⊘ SKIPPED - Extended test case

[ACT009] Activity Test #9
  ⊘ SKIPPED - Extended test case

[ACT010] Activity Test #10
  ⊘ SKIPPED - Extended test case


┏━━━━━━━━━━━━━━━━━━━━━━━━━━━━━━━━━━━━━━━━━━━━━━━━━━━━━━━━━━━━━━━━━━━━━━┓
┃ MODULE 4: TRAINEES TESTS (6 test cases)                                ┃
┗━━━━━━━━━━━━━━━━━━━━━━━━━━━━━━━━━━━━━━━━━━━━━━━━━━━━━━━━━━━━━━━━━━━━━━┛

[TRAIN001] Testing Trainee Data Structure
  Trainee Demographics:
    - Total Trainees: 118
    - Autism Spectrum: 12
    - Down Syndrome: 15
    - By Centre: {"01":30,"02":27,"03":31,"04":30}
  ✓ PASSED - Trainee data structure validated in 22.61ms

[TRAIN002] Trainee Test #2
  ⊘ SKIPPED - Extended test case

[TRAIN003] Trainee Test #3
  ⊘ SKIPPED - Extended test case

[TRAIN004] Trainee Test #4
  ⊘ SKIPPED - Extended test case

[TRAIN005] Trainee Test #5
  ⊘ SKIPPED - Extended test case

[TRAIN006] Trainee Test #6
  ⊘ SKIPPED - Extended test case


┏━━━━━━━━━━━━━━━━━━━━━━━━━━━━━━━━━━━━━━━━━━━━━━━━━━━━━━━━━━━━━━━━━━━━━━┓
┃ MODULE 5: USERS/STAFF TESTS (5 test cases)                             ┃
┗━━━━━━━━━━━━━━━━━━━━━━━━━━━━━━━━━━━━━━━━━━━━━━━━━━━━━━━━━━━━━━━━━━━━━━┛

[USER001] Testing Staff/User Management System
  Staff Statistics:
    - Total Staff: 42
    - Active Staff: 42
    - With IIUM ID: 39
    - By Role: {"admin":5,"supervisor":6,"teacher":22,"ajk":9}
  ✓ PASSED - Staff management validated in 1.09ms

[USER002] User Test #2
  ⊘ SKIPPED - Extended test case

[USER003] User Test #3
  ⊘ SKIPPED - Extended test case

[USER004] User Test #4
  ⊘ SKIPPED - Extended test case

[USER005] User Test #5
  ⊘ SKIPPED - Extended test case


┏━━━━━━━━━━━━━━━━━━━━━━━━━━━━━━━━━━━━━━━━━━━━━━━━━━━━━━━━━━━━━━━━━━━━━━┓
┃ MODULE 6: ASSETS TESTS (4 test cases)                                  ┃
┗━━━━━━━━━━━━━━━━━━━━━━━━━━━━━━━━━━━━━━━━━━━━━━━━━━━━━━━━━━━━━━━━━━━━━━┛

[ASSET001] Testing Asset Management System

  [41;1m Illuminate\Database\QueryException [49;22m

[39;1m  SQLSTATE[42S22]: Column not found: 1054 Unknown column 'asset_condition' in 'field list' (Connection: mysql, SQL: select `asset_condition`, count(*) as count from `assets` group by `asset_condition`)[39;22m

  at [32mvendor\laravel\framework\src\Illuminate\Database\Connection.php[39m:[32m829[39m
    825▕                     $this->getName(), $query, $this->prepareBindings($bindings), $e
    826▕                 );
    827▕             }
    828▕ 
  ➜ 829▕             throw new QueryException(
    830▕                 $this->getName(), $query, $this->prepareBindings($bindings), $e
    831▕             );
    832▕         }
    833▕     }

  [33m1   [39m[39;1mvendor\laravel\framework\src\Illuminate\Database\Connection.php[39;22m:[39;1m423[39;22m
  [90m    PDOException::("SQLSTATE[42S22]: Column not found: 1054 Unknown column 'asset_condition' in 'field list'")[39m

  [33m2   [39m[39;1mvendor\laravel\framework\src\Illuminate\Database\Connection.php[39;22m:[39;1m423[39;22m
  [90m    PDO::prepare("select `asset_condition`, count(*) as count from `assets` group by `asset_condition`")[39m

